  main.cpp
  OS15_HTService.cpp
C:\Program Files\Microsoft Visual Studio\2022\Community\VC\Tools\MSVC\14.43.34808\include\xutility(4829,18): warning C4244: =: преобразование "wchar_t" в "char", возможна потеря данных
  (компиляция исходного файла "OS15_HTService.cpp")
      C:\Program Files\Microsoft Visual Studio\2022\Community\VC\Tools\MSVC\14.43.34808\include\xutility(4829,18):
      контекст создания экземпляра шаблона (сначала самый старый)
          D:\Univer\3_kurs\5_sem\SP\prim\OS15\OS15_HTService\OS15_HTService.cpp(277,18):
          выполняется компиляция ссылки на экземпляр шаблон функции "std::basic_string<char,std::char_traits<char>,std::allocator<char>>::basic_string<std::_String_iterator<std::_String_val<std::_Simple_types<_Elem>>>,0>(_Iter,_Iter,const _Alloc &)"
          with
          [
              _Elem=wchar_t,
              _Iter=std::_String_iterator<std::_String_val<std::_Simple_types<wchar_t>>>,
              _Alloc=std::allocator<char>
          ]
              D:\Univer\3_kurs\5_sem\SP\prim\OS15\OS15_HTService\OS15_HTService.cpp(277,18):
              см. первую ссылку на std::basic_string<char,std::char_traits<char>,std::allocator<char>>::basic_string "trace"
          C:\Program Files\Microsoft Visual Studio\2022\Community\VC\Tools\MSVC\14.43.34808\include\xstring(788,17):
          выполняется компиляция ссылки на экземпляр шаблон функции "void std::basic_string<char,std::char_traits<char>,std::allocator<char>>::_Construct_from_iter<wchar_t*,wchar_t*,_Size_type>(_Iter,const _Sent,_Size)"
          with
          [
              _Size_type=unsigned __int64,
              _Iter=wchar_t *,
              _Sent=wchar_t *,
              _Size=unsigned __int64
          ]
          C:\Program Files\Microsoft Visual Studio\2022\Community\VC\Tools\MSVC\14.43.34808\include\xstring(944,18):
          выполняется компиляция ссылки на экземпляр шаблон функции "_OutIt *std::_Copy_n_unchecked4<wchar_t*,_Size,char*>(_InIt,_SizeTy,_OutIt)"
          with
          [
              _OutIt=char *,
              _Size=unsigned __int64,
              _InIt=wchar_t *,
              _SizeTy=unsigned __int64
          ]
  
  Создание кода...
  OS15_HTService.vcxproj -> D:\Univer\3_kurs\5_sem\SP\prim\OS15\x64\Debug\OS15_HTService.exe
