Сборка начата 22.12.2025 8:01:56.
Уровень детализации журнала: Normal.     1>Проект "D:\labs\5semester\PSP\lb8\lab8\lab8\ConcurrentServer\ConcurrentServer.vcxproj" в узле 2 (целевые объекты Build).
     1>PrepareForBuild:
         Структурированный вывод включен. Форматирование диагностики компилятора будет отражать иерархию ошибок. Подробнее см. https://aka.ms/cpp/structured-output.
       InitializeBuildStatus:
         Создание "x64\Release\ConcurrentServer.tlog\unsuccessfulbuild", так как было задано "AlwaysCreate".
         Обращение к "x64\Release\ConcurrentServer.tlog\unsuccessfulbuild".
       ClCompile:
         C:\Program Files\Microsoft Visual Studio\2022\Community\VC\Tools\MSVC\14.39.33519\bin\HostX64\x64\CL.exe /c /Zi /nologo /W3 /WX- /diagnostics:column /sdl /O2 /Oi /GL /D NDEBUG /D _CONSOLE /D _UNICODE /D UNICODE /Gm- /EHsc /MD /GS /Gy /fp:precise /Zc:wchar_t /Zc:forScope /Zc:inline /permissive- /Fo"x64\Release\\" /Fd"x64\Release\vc143.pdb" /external:W3 /Gd /TP /FC /errorReport:prompt ConcurrentServer.cpp
         ConcurrentServer.cpp
     1>D:\labs\5semester\PSP\lb8\lab8\lab8\ConcurrentServer\ConcurrentServer.cpp(119,45): warning C4267: аргумент: преобразование из "size_t" в "int"; возможна потеря данных
     1>D:\labs\5semester\PSP\lb8\lab8\lab8\ConcurrentServer\ConcurrentServer.cpp(202,12): warning C4477: "printf": в строке форматирования "%d" требуется аргумент типа "int", но вариативный аргумент "1" имеет тип "unsigned __int64"
         D:\labs\5semester\PSP\lb8\lab8\lab8\ConcurrentServer\ConcurrentServer.cpp(202,12):
         рекомендуется использовать "%zd" в строке форматирования
         
     1>D:\labs\5semester\PSP\lb8\lab8\lab8\ConcurrentServer\ConcurrentServer.cpp(216,11): warning C4477: "printf": в строке форматирования "%d" требуется аргумент типа "int", но вариативный аргумент "1" имеет тип "unsigned __int64"
         D:\labs\5semester\PSP\lb8\lab8\lab8\ConcurrentServer\ConcurrentServer.cpp(216,11):
         рекомендуется использовать "%zd" в строке форматирования
         
     1>D:\labs\5semester\PSP\lb8\lab8\lab8\ConcurrentServer\ConcurrentServer.cpp(328,1): warning C4477: "sprintf": в строке форматирования "%d" требуется аргумент типа "int", но вариативный аргумент "4" имеет тип "unsigned __int64"
         D:\labs\5semester\PSP\lb8\lab8\lab8\ConcurrentServer\ConcurrentServer.cpp(328,1):
         рекомендуется использовать "%zd" в строке форматирования
         
     1>D:\labs\5semester\PSP\lb8\lab8\lab8\ConcurrentServer\ConcurrentServer.cpp(337,42): warning C4267: аргумент: преобразование из "size_t" в "DWORD"; возможна потеря данных
     1>D:\labs\5semester\PSP\lb8\lab8\lab8\ConcurrentServer\ConcurrentServer.cpp(384,49): warning C4267: аргумент: преобразование из "size_t" в "int"; возможна потеря данных
     1>D:\labs\5semester\PSP\lb8\lab8\lab8\ConcurrentServer\ConcurrentServer.cpp(414,66): warning C4267: аргумент: преобразование из "size_t" в "int"; возможна потеря данных
     1>D:\labs\5semester\PSP\lb8\lab8\lab8\ConcurrentServer\ConcurrentServer.cpp(472,60): warning C4267: аргумент: преобразование из "size_t" в "int"; возможна потеря данных
     1>D:\labs\5semester\PSP\lb8\lab8\lab8\ConcurrentServer\ConcurrentServer.cpp(480,62): warning C4267: аргумент: преобразование из "size_t" в "int"; возможна потеря данных
       Link:
         C:\Program Files\Microsoft Visual Studio\2022\Community\VC\Tools\MSVC\14.39.33519\bin\HostX64\x64\link.exe /ERRORREPORT:PROMPT /OUT:"D:\labs\5semester\PSP\lb8\lab8\lab8\x64\Release\ConcurrentServer.exe" /INCREMENTAL:NO /NOLOGO kernel32.lib user32.lib gdi32.lib winspool.lib comdlg32.lib advapi32.lib shell32.lib ole32.lib oleaut32.lib uuid.lib odbc32.lib odbccp32.lib /MANIFEST /MANIFESTUAC:"level='asInvoker' uiAccess='false'" /manifest:embed /DEBUG /PDB:"D:\labs\5semester\PSP\lb8\lab8\lab8\x64\Release\ConcurrentServer.pdb" /SUBSYSTEM:CONSOLE /OPT:REF /OPT:ICF /LTCG:incremental /LTCGOUT:"x64\Release\ConcurrentServer.iobj" /TLBID:1 /DYNAMICBASE /NXCOMPAT /IMPLIB:"D:\labs\5semester\PSP\lb8\lab8\lab8\x64\Release\ConcurrentServer.lib" /MACHINE:X64 x64\Release\ConcurrentServer.obj
         x64\Release\Errors.obj
         Создание кода
         3 of 288 functions ( 1.0%) were compiled, the rest were copied from previous compilation.
           0 functions were new in current compilation
           0 functions had inline decision re-evaluated but remain unchanged
         Создание кода завершено
         ConcurrentServer.vcxproj -> D:\labs\5semester\PSP\lb8\lab8\lab8\x64\Release\ConcurrentServer.exe
       FinalizeBuildStatus:
         Файл "x64\Release\ConcurrentServer.tlog\unsuccessfulbuild" удаляется.
         Обращение к "x64\Release\ConcurrentServer.tlog\ConcurrentServer.lastbuildstate".
     1>Сборка проекта "D:\labs\5semester\PSP\lb8\lab8\lab8\ConcurrentServer\ConcurrentServer.vcxproj" завершена (целевые объекты Build).

Сборка успешно завершена.

       "D:\labs\5semester\PSP\lb8\lab8\lab8\ConcurrentServer\ConcurrentServer.vcxproj" (целевой объект Build ) (1) ->
       (Целевой объект ClCompile) -> 
         D:\labs\5semester\PSP\lb8\lab8\lab8\ConcurrentServer\ConcurrentServer.cpp(119,45): warning C4267: аргумент: преобразование из "size_t" в "int"; возможна потеря данных
         D:\labs\5semester\PSP\lb8\lab8\lab8\ConcurrentServer\ConcurrentServer.cpp(202,12): warning C4477: "printf": в строке форматирования "%d" требуется аргумент типа "int", но вариативный аргумент "1" имеет тип "unsigned __int64"
         D:\labs\5semester\PSP\lb8\lab8\lab8\ConcurrentServer\ConcurrentServer.cpp(216,11): warning C4477: "printf": в строке форматирования "%d" требуется аргумент типа "int", но вариативный аргумент "1" имеет тип "unsigned __int64"
         D:\labs\5semester\PSP\lb8\lab8\lab8\ConcurrentServer\ConcurrentServer.cpp(328,1): warning C4477: "sprintf": в строке форматирования "%d" требуется аргумент типа "int", но вариативный аргумент "4" имеет тип "unsigned __int64"
         D:\labs\5semester\PSP\lb8\lab8\lab8\ConcurrentServer\ConcurrentServer.cpp(337,42): warning C4267: аргумент: преобразование из "size_t" в "DWORD"; возможна потеря данных
         D:\labs\5semester\PSP\lb8\lab8\lab8\ConcurrentServer\ConcurrentServer.cpp(384,49): warning C4267: аргумент: преобразование из "size_t" в "int"; возможна потеря данных
         D:\labs\5semester\PSP\lb8\lab8\lab8\ConcurrentServer\ConcurrentServer.cpp(414,66): warning C4267: аргумент: преобразование из "size_t" в "int"; возможна потеря данных
         D:\labs\5semester\PSP\lb8\lab8\lab8\ConcurrentServer\ConcurrentServer.cpp(472,60): warning C4267: аргумент: преобразование из "size_t" в "int"; возможна потеря данных
         D:\labs\5semester\PSP\lb8\lab8\lab8\ConcurrentServer\ConcurrentServer.cpp(480,62): warning C4267: аргумент: преобразование из "size_t" в "int"; возможна потеря данных

    Предупреждений: 9
    Ошибок: 0

Прошло времени 00:00:01.90
