Сборка начата 21.12.2025 19:04:56.
Уровень детализации журнала: Normal.     1>Проект "D:\labs\5semester\PSP\lb8\lab8\lab8\ServiceLib\ServiceLib.vcxproj" в узле 2 (целевые объекты Build).
     1>PrepareForBuild:
         Структурированный вывод включен. Форматирование диагностики компилятора будет отражать иерархию ошибок. Подробнее см. https://aka.ms/cpp/structured-output.
       InitializeBuildStatus:
         Обращение к "x64\Debug\ServiceLibrary.tlog\unsuccessfulbuild".
       ClCompile:
         Для всех выходных данных обновления не требуется.
         Для всех выходных данных обновления не требуется.
         Для всех выходных данных обновления не требуется.
       Link:
         C:\Program Files\Microsoft Visual Studio\2022\Community\VC\Tools\MSVC\14.39.33519\bin\HostX64\x64\link.exe /ERRORREPORT:PROMPT /OUT:"D:\labs\5semester\PSP\lb8\lab8\lab8\x64\Debug\ServiceLibrary.dll" /INCREMENTAL /ILK:"x64\Debug\ServiceLibrary.ilk" /NOLOGO kernel32.lib user32.lib gdi32.lib winspool.lib comdlg32.lib advapi32.lib shell32.lib ole32.lib oleaut32.lib uuid.lib odbc32.lib odbccp32.lib /MANIFEST /MANIFESTUAC:NO /manifest:embed /DEBUG /PDB:"D:\labs\5semester\PSP\lb8\lab8\lab8\x64\Debug\ServiceLibrary.pdb" /SUBSYSTEM:WINDOWS /TLBID:1 /DYNAMICBASE /NXCOMPAT /IMPLIB:"D:\labs\5semester\PSP\lb8\lab8\lab8\x64\Debug\ServiceLibrary.lib" /MACHINE:X64 /DLL x64\Debug\Errors.obj
         x64\Debug\ServiceLibrary.obj
         x64\Debug\pch.obj
         ServiceLib.vcxproj -> D:\labs\5semester\PSP\lb8\lab8\lab8\x64\Debug\ServiceLibrary.dll
       FinalizeBuildStatus:
         Файл "x64\Debug\ServiceLibrary.tlog\unsuccessfulbuild" удаляется.
         Обращение к "x64\Debug\ServiceLibrary.tlog\ServiceLibrary.lastbuildstate".
     1>Сборка проекта "D:\labs\5semester\PSP\lb8\lab8\lab8\ServiceLib\ServiceLib.vcxproj" завершена (целевые объекты Build).

Сборка успешно завершена.
    Предупреждений: 0
    Ошибок: 0

Прошло времени 00:00:00.11
