  pch.cpp
  dllmain.cpp
  HT.cpp
D:\Univer\3_kurs\5_sem\SP\Lab_02\SP_Lab11\OS11_HTAPI\HT.h(18,42): warning C4091: __declspec(dllexport): пропускается слева от "HT::Element", когда ни одна переменная не объявлена
  (компиляция исходного файла "/HT.cpp")
  
D:\Univer\3_kurs\5_sem\SP\Lab_02\SP_Lab11\OS11_HTAPI\HT.h(36,42): warning C4091: __declspec(dllexport): пропускается слева от "HT::HTHANDLE", когда ни одна переменная не объявлена
  (компиляция исходного файла "/HT.cpp")
  
  Создание кода...
D:\Univer\3_kurs\5_sem\SP\Lab_02\SP_Lab11\OS11_HTAPI\HT.cpp(48,4): warning C4297: HT::Create: ожидается, что функция не будет выдавать исключения, но она это делает
  (компиляция исходного файла "/HT.cpp")
      D:\Univer\3_kurs\5_sem\SP\Lab_02\SP_Lab11\OS11_HTAPI\HT.cpp(48,4):
      для функции указан атрибут __declspec(nothrow), throw(), noexcept(true) или noexcept
  
D:\Univer\3_kurs\5_sem\SP\Lab_02\SP_Lab11\OS11_HTAPI\HT.cpp(58,4): warning C4297: HT::Create: ожидается, что функция не будет выдавать исключения, но она это делает
  (компиляция исходного файла "/HT.cpp")
      D:\Univer\3_kurs\5_sem\SP\Lab_02\SP_Lab11\OS11_HTAPI\HT.cpp(58,4):
      для функции указан атрибут __declspec(nothrow), throw(), noexcept(true) или noexcept
  
D:\Univer\3_kurs\5_sem\SP\Lab_02\SP_Lab11\OS11_HTAPI\HT.cpp(312,4): warning C4297: HT::Close: ожидается, что функция не будет выдавать исключения, но она это делает
  (компиляция исходного файла "/HT.cpp")
      D:\Univer\3_kurs\5_sem\SP\Lab_02\SP_Lab11\OS11_HTAPI\HT.cpp(312,4):
      для функции указан атрибут __declspec(nothrow), throw(), noexcept(true) или noexcept
  
D:\Univer\3_kurs\5_sem\SP\Lab_02\SP_Lab11\OS11_HTAPI\HT.cpp(314,4): warning C4297: HT::Close: ожидается, что функция не будет выдавать исключения, но она это делает
  (компиляция исходного файла "/HT.cpp")
      D:\Univer\3_kurs\5_sem\SP\Lab_02\SP_Lab11\OS11_HTAPI\HT.cpp(314,4):
      для функции указан атрибут __declspec(nothrow), throw(), noexcept(true) или noexcept
  
D:\Univer\3_kurs\5_sem\SP\Lab_02\SP_Lab11\OS11_HTAPI\HT.cpp(316,4): warning C4297: HT::Close: ожидается, что функция не будет выдавать исключения, но она это делает
  (компиляция исходного файла "/HT.cpp")
      D:\Univer\3_kurs\5_sem\SP\Lab_02\SP_Lab11\OS11_HTAPI\HT.cpp(316,4):
      для функции указан атрибут __declspec(nothrow), throw(), noexcept(true) или noexcept
  
D:\Univer\3_kurs\5_sem\SP\Lab_02\SP_Lab11\OS11_HTAPI\HT.cpp(319,5): warning C4297: HT::Close: ожидается, что функция не будет выдавать исключения, но она это делает
  (компиляция исходного файла "/HT.cpp")
      D:\Univer\3_kurs\5_sem\SP\Lab_02\SP_Lab11\OS11_HTAPI\HT.cpp(319,5):
      для функции указан атрибут __declspec(nothrow), throw(), noexcept(true) или noexcept
  
     Создается библиотека D:\Univer\3_kurs\5_sem\SP\Lab_02\SP_Lab11\x64\Debug\OS11_HTAPI.lib и объект D:\Univer\3_kurs\5_sem\SP\Lab_02\SP_Lab11\x64\Debug\OS11_HTAPI.exp
  OS11_HTAPI.vcxproj -> D:\Univer\3_kurs\5_sem\SP\Lab_02\SP_Lab11\x64\Debug\OS11_HTAPI.dll
