d:\univer\3_kurs\5_sem\sp\prim\os15\os15_htcom\x64\debug\os15_htcom.pch
d:\univer\3_kurs\5_sem\sp\prim\os15\os15_htcom\x64\debug\vc143.pdb
d:\univer\3_kurs\5_sem\sp\prim\os15\os15_htcom\x64\debug\vc143.idb
d:\univer\3_kurs\5_sem\sp\prim\os15\os15_htcom\x64\debug\pch.obj
d:\univer\3_kurs\5_sem\sp\prim\os15\os15_htcom\x64\debug\registry.obj
d:\univer\3_kurs\5_sem\sp\prim\os15\os15_htcom\x64\debug\exportfunctions.obj
d:\univer\3_kurs\5_sem\sp\prim\os15\os15_htcom\x64\debug\dllmain.obj
d:\univer\3_kurs\5_sem\sp\prim\os15\os15_htcom\x64\debug\componentht.obj
d:\univer\3_kurs\5_sem\sp\prim\os15\os15_htcom\x64\debug\classfactory.obj
d:\univer\3_kurs\5_sem\sp\prim\os15\x64\debug\os15_htcom.dll
d:\univer\3_kurs\5_sem\sp\prim\os15\x64\debug\os15_htcom.pdb
d:\univer\3_kurs\5_sem\sp\prim\os15\x64\debug\os15_htcom.lib
d:\univer\3_kurs\5_sem\sp\prim\os15\x64\debug\os15_htcom.exp
d:\univer\3_kurs\5_sem\sp\prim\os15\os15_htcom\x64\debug\os15_htcom.ilk
d:\univer\3_kurs\5_sem\sp\prim\os15\os15_htcom\x64\debug\os15_htcom.tlog\cl.command.1.tlog
d:\univer\3_kurs\5_sem\sp\prim\os15\os15_htcom\x64\debug\os15_htcom.tlog\cl.items.tlog
d:\univer\3_kurs\5_sem\sp\prim\os15\os15_htcom\x64\debug\os15_htcom.tlog\cl.read.1.tlog
d:\univer\3_kurs\5_sem\sp\prim\os15\os15_htcom\x64\debug\os15_htcom.tlog\cl.write.1.tlog
d:\univer\3_kurs\5_sem\sp\prim\os15\os15_htcom\x64\debug\os15_htcom.tlog\link.command.1.tlog
d:\univer\3_kurs\5_sem\sp\prim\os15\os15_htcom\x64\debug\os15_htcom.tlog\link.read.1.tlog
d:\univer\3_kurs\5_sem\sp\prim\os15\os15_htcom\x64\debug\os15_htcom.tlog\link.secondary.1.tlog
d:\univer\3_kurs\5_sem\sp\prim\os15\os15_htcom\x64\debug\os15_htcom.tlog\link.write.1.tlog
