d:\univer\3_kurs\5_sem\sp\lab_03\sp_lab12\os12_com\x64\debug\os12_com.pch
d:\univer\3_kurs\5_sem\sp\lab_03\sp_lab12\os12_com\x64\debug\vc143.pdb
d:\univer\3_kurs\5_sem\sp\lab_03\sp_lab12\os12_com\x64\debug\vc143.idb
d:\univer\3_kurs\5_sem\sp\lab_03\sp_lab12\os12_com\x64\debug\pch.obj
d:\univer\3_kurs\5_sem\sp\lab_03\sp_lab12\os12_com\x64\debug\registry.obj
d:\univer\3_kurs\5_sem\sp\lab_03\sp_lab12\os12_com\x64\debug\dllmain.obj
d:\univer\3_kurs\5_sem\sp\lab_03\sp_lab12\os12_com\x64\debug\cfactory.obj
d:\univer\3_kurs\5_sem\sp\lab_03\sp_lab12\os12_com\x64\debug\ca.obj
d:\univer\3_kurs\5_sem\sp\lab_03\sp_lab12\x64\debug\os12_com.dll
d:\univer\3_kurs\5_sem\sp\lab_03\sp_lab12\x64\debug\os12_com.pdb
d:\univer\3_kurs\5_sem\sp\lab_03\sp_lab12\x64\debug\os12_com.lib
d:\univer\3_kurs\5_sem\sp\lab_03\sp_lab12\x64\debug\os12_com.exp
d:\univer\3_kurs\5_sem\sp\lab_03\sp_lab12\os12_com\x64\debug\os12_com.ilk
d:\univer\3_kurs\5_sem\sp\lab_03\sp_lab12\os12_com\x64\debug\os12_com.tlog\cl.command.1.tlog
d:\univer\3_kurs\5_sem\sp\lab_03\sp_lab12\os12_com\x64\debug\os12_com.tlog\cl.items.tlog
d:\univer\3_kurs\5_sem\sp\lab_03\sp_lab12\os12_com\x64\debug\os12_com.tlog\cl.read.1.tlog
d:\univer\3_kurs\5_sem\sp\lab_03\sp_lab12\os12_com\x64\debug\os12_com.tlog\cl.write.1.tlog
d:\univer\3_kurs\5_sem\sp\lab_03\sp_lab12\os12_com\x64\debug\os12_com.tlog\link.command.1.tlog
d:\univer\3_kurs\5_sem\sp\lab_03\sp_lab12\os12_com\x64\debug\os12_com.tlog\link.read.1.tlog
d:\univer\3_kurs\5_sem\sp\lab_03\sp_lab12\os12_com\x64\debug\os12_com.tlog\link.secondary.1.tlog
d:\univer\3_kurs\5_sem\sp\lab_03\sp_lab12\os12_com\x64\debug\os12_com.tlog\link.write.1.tlog
